---
source: lib/bombadil/src/styled.rs
expression: render_violation(&violation)
---
as of [1m01:00.000[0m and before [1m01:05.000[0m, [3mloading === true[0m should hold until [3mready === true[0m, from the prior state at [1m01:00.000[0m, loading = [34mtrue[39m, but the terminating condition [3mready === true[0m did not occur before the deadline at [1m01:05.000[0m
