---
source: lib/bombadil-cli/src/styled.rs
expression: render_violation(&violation)
---
as of 00:00.000, it should always be the case that next counterValue.current === 5 or next counterValue.current === 6 or next counterValue.current === 4, however from the prior state at 00:31.000, counterValue = 10 and !(counterValue.current === 6) and !(counterValue.current === 4)
