---
source: lib/bombadil-schema/src/text.rs
expression: render_violation(&mixed)
---
as of 00:00.000, it should always be the case that condition, however at 00:20.000:

selectedFilter = Active
newTodoInput = 
  active: false
  pendingText: b
  rect: {}
availableFilters = 
  - All
  - Active
  - Completed
