---
source: lib/typescript-reference/src/main.rs
expression: output
---
### @example/test

#### Declarations

##### `MAGIC_NUMBER`

```{.typescript .no-copy}
declare const MAGIC_NUMBER: number;

```

##### `getPi`

```{.typescript .no-copy}
declare function getPi(): number;

```

##### `multiply`

```{.typescript .no-copy}
declare function multiply(a: number, b: number): number;

```

#### Reexports

```{.typescript .no-copy}
export { other } from "@example/test/foo";
```
### @example/test/foo

#### Declarations

##### `Other`

```{.typescript .no-copy}
declare namespace Other {
  export function inner(): number;
}

```

##### `other`

```{.typescript .no-copy}
declare const other: number;

```
